2026-08-29T21:32:54 Registered route: GET /hello
2026-08-29T21:32:54 GET /hello -> ^\/hello$
2026-08-29T21:32:54 Registered route: GET /user/:id
2026-08-29T21:32:54 GET /hello -> ^\/hello$
GET /user/:id -> ^\/user\/([^/]+)$
2026-08-29T21:32:54 Registered route: POST /echo
2026-08-29T21:32:54 GET /hello -> ^\/hello$
GET /user/:id -> ^\/user\/([^/]+)$
POST /echo -> ^\/echo$
2026-08-29T21:33:07 Received request from ::1: GET /hello HTTP/1.1
Host: localhost:8080
User-Agent: curl/8.21.0
Accept: */*


2026-08-29T21:33:07 Routing attempt: method=GET path=/hello
2026-08-29T21:33:07 Route matched for GET /hello
2026-08-29T21:33:07 Responded to ::1 with status 200, 52 bytes
2026-08-29T21:33:23 Received request from ::ffff:127.0.0.1: GET / HTTP/1.1
Host: localhost:8080
User-Agent: Mozilla/5.0 (X11; Linux x86_64; rv:154.0) Gecko/20100101 Firefox/154.0
Accept: text/html,application/xhtml+xml,application/xml;q=0.9,*/*;q=0.8
Accept-Language: en-US,en;q=0.9
Accept-Encoding: gzip, deflate, br, zstd
Connection: keep-alive
Upgrade-Insecure-Requests: 1
Sec-Fetch-Dest: document
Sec-Fetch-Mode: navigate
Sec-Fetch-Site: none
Sec-Fetch-User: ?1
Priority: u=0, i


2026-08-29T21:33:23 Routing attempt: method=GET path=/
2026-08-29T21:33:23 Responded to ::ffff:127.0.0.1 with status 200, 220 bytes
2026-08-29T21:33:24 Received request from ::ffff:127.0.0.1: GET /favicon.ico HTTP/1.1
Host: localhost:8080
User-Agent: Mozilla/5.0 (X11; Linux x86_64; rv:154.0) Gecko/20100101 Firefox/154.0
Accept: image/avif,image/webp,image/png,image/svg+xml,image/*;q=0.8,*/*;q=0.5
Accept-Language: en-US,en;q=0.9
Accept-Encoding: gzip, deflate, br, zstd
Connection: keep-alive
Referer: http://localhost:8080/
Sec-Fetch-Dest: image
Sec-Fetch-Mode: no-cors
Sec-Fetch-Site: same-origin
Priority: u=6


2026-08-29T21:33:24 Routing attempt: method=GET path=/favicon.ico
2026-08-29T21:33:24 Responded to ::ffff:127.0.0.1 with status 404, 44 bytes
